
C:\Users\sadul\OneDrive\Desktop\Navbat\backend\src\auth\jwt.strategy.ts
  15:3  error  Async method 'validate' has no 'await' expression  @typescript-eslint/require-await

Γ£û 1 problem (1 error, 0 warnings)

